// Jest Snapshot v1, https://goo.gl/fbAQLP

exports[`should report incompatible type error 1`] = `
Object {
  "errorCount": 1,
  "fixableErrorCount": 0,
  "fixableWarningCount": 0,
  "results": Array [
    Object {
      "errorCount": 1,
      "filePath": "tests/flow/fixtures/incompatible-type.fixture.js",
      "fixableErrorCount": 0,
      "fixableWarningCount": 0,
      "messages": Array [
        Object {
          "column": 22,
          "endColumn": 26,
          "endLine": 6,
          "line": 6,
          "message": "string: This type is incompatible with: 'number'. See incompatible-type.fixture.js:6",
          "nodeType": null,
          "ruleId": "flow-check/check",
          "severity": 2,
          "source": "        this.prop = \\"123\\";",
        },
      ],
      "source": "// @flow
class MyClass {
    prop: number;

    method() {
        this.prop = \\"123\\";
    }
}

const myClass = new MyClass();
myClass.method();
",
      "warningCount": 0,
    },
  ],
  "warningCount": 0,
}
`;
